C:/ST/VL53L1X/ULD/To ST com/en.STSW-IMG009_v3.5.4/Example/Drivers/STM32F4xx_HAL_Driver/Src/stm32f4xx_hal_rcc_ex.c:2519:19:HAL_RCCEx_PeriphCLKConfig	24	static
C:/ST/VL53L1X/ULD/To ST com/en.STSW-IMG009_v3.5.4/Example/Drivers/STM32F4xx_HAL_Driver/Src/stm32f4xx_hal_rcc_ex.c:2647:6:HAL_RCCEx_GetPeriphCLKConfig	0	static
C:/ST/VL53L1X/ULD/To ST com/en.STSW-IMG009_v3.5.4/Example/Drivers/STM32F4xx_HAL_Driver/Src/stm32f4xx_hal_rcc_ex.c:2685:10:HAL_RCCEx_GetPeriphCLKFreq	0	static
C:/ST/VL53L1X/ULD/To ST com/en.STSW-IMG009_v3.5.4/Example/Drivers/STM32F4xx_HAL_Driver/Src/stm32f4xx_hal_rcc_ex.c:2809:19:HAL_RCCEx_EnablePLLI2S	16	static
C:/ST/VL53L1X/ULD/To ST com/en.STSW-IMG009_v3.5.4/Example/Drivers/STM32F4xx_HAL_Driver/Src/stm32f4xx_hal_rcc_ex.c:2892:19:HAL_RCCEx_DisablePLLI2S	8	static
C:/ST/VL53L1X/ULD/To ST com/en.STSW-IMG009_v3.5.4/Example/Drivers/STM32F4xx_HAL_Driver/Src/stm32f4xx_hal_rcc_ex.c:3149:19:HAL_RCC_DeInit	16	static
