C:/ST/VL53L1X/ULD/To ST com/en.STSW-IMG009_v3.5.4/Example/Drivers/STM32F4xx_HAL_Driver/Src/stm32f4xx_hal_dma.c:1159:13:DMA_SetConfig	8	static
C:/ST/VL53L1X/ULD/To ST com/en.STSW-IMG009_v3.5.4/Example/Drivers/STM32F4xx_HAL_Driver/Src/stm32f4xx_hal_dma.c:1193:17:DMA_CalcBaseAndBitshift	4	static
C:/ST/VL53L1X/ULD/To ST com/en.STSW-IMG009_v3.5.4/Example/Drivers/STM32F4xx_HAL_Driver/Src/stm32f4xx_hal_dma.c:1221:26:DMA_CheckFifoParam	0	static
C:/ST/VL53L1X/ULD/To ST com/en.STSW-IMG009_v3.5.4/Example/Drivers/STM32F4xx_HAL_Driver/Src/stm32f4xx_hal_dma.c:187:19:HAL_DMA_Init	16	static
C:/ST/VL53L1X/ULD/To ST com/en.STSW-IMG009_v3.5.4/Example/Drivers/STM32F4xx_HAL_Driver/Src/stm32f4xx_hal_dma.c:326:19:HAL_DMA_DeInit	16	static
C:/ST/VL53L1X/ULD/To ST com/en.STSW-IMG009_v3.5.4/Example/Drivers/STM32F4xx_HAL_Driver/Src/stm32f4xx_hal_dma.c:416:19:HAL_DMA_Start	16	static
C:/ST/VL53L1X/ULD/To ST com/en.STSW-IMG009_v3.5.4/Example/Drivers/STM32F4xx_HAL_Driver/Src/stm32f4xx_hal_dma.c:460:19:HAL_DMA_Start_IT	16	static
C:/ST/VL53L1X/ULD/To ST com/en.STSW-IMG009_v3.5.4/Example/Drivers/STM32F4xx_HAL_Driver/Src/stm32f4xx_hal_dma.c:523:19:HAL_DMA_Abort	16	static
C:/ST/VL53L1X/ULD/To ST com/en.STSW-IMG009_v3.5.4/Example/Drivers/STM32F4xx_HAL_Driver/Src/stm32f4xx_hal_dma.c:590:19:HAL_DMA_Abort_IT	0	static
C:/ST/VL53L1X/ULD/To ST com/en.STSW-IMG009_v3.5.4/Example/Drivers/STM32F4xx_HAL_Driver/Src/stm32f4xx_hal_dma.c:620:19:HAL_DMA_PollForTransfer	32	static
C:/ST/VL53L1X/ULD/To ST com/en.STSW-IMG009_v3.5.4/Example/Drivers/STM32F4xx_HAL_Driver/Src/stm32f4xx_hal_dma.c:756:6:HAL_DMA_IRQHandler	32	static
C:/ST/VL53L1X/ULD/To ST com/en.STSW-IMG009_v3.5.4/Example/Drivers/STM32F4xx_HAL_Driver/Src/stm32f4xx_hal_dma.c:977:19:HAL_DMA_RegisterCallback	0	static
C:/ST/VL53L1X/ULD/To ST com/en.STSW-IMG009_v3.5.4/Example/Drivers/STM32F4xx_HAL_Driver/Src/stm32f4xx_hal_dma.c:1037:19:HAL_DMA_UnRegisterCallback	0	static
C:/ST/VL53L1X/ULD/To ST com/en.STSW-IMG009_v3.5.4/Example/Drivers/STM32F4xx_HAL_Driver/Src/stm32f4xx_hal_dma.c:1122:22:HAL_DMA_GetState	0	static
C:/ST/VL53L1X/ULD/To ST com/en.STSW-IMG009_v3.5.4/Example/Drivers/STM32F4xx_HAL_Driver/Src/stm32f4xx_hal_dma.c:1133:10:HAL_DMA_GetError	0	static
