C:/ST/VL53L1X/ULD/To ST com/en.STSW-IMG009_v3.5.4/Example/Drivers/BSP/Components/vl53l1x_uld/VL53L1X_api.c:159:15:VL53L1X_GetSWVersion	0	static
C:/ST/VL53L1X/ULD/To ST com/en.STSW-IMG009_v3.5.4/Example/Drivers/BSP/Components/vl53l1x_uld/VL53L1X_api.c:170:15:VL53L1X_SetI2CAddress	8	static
C:/ST/VL53L1X/ULD/To ST com/en.STSW-IMG009_v3.5.4/Example/Drivers/BSP/Components/vl53l1x_uld/VL53L1X_api.c:198:15:VL53L1X_ClearInterrupt	8	static
C:/ST/VL53L1X/ULD/To ST com/en.STSW-IMG009_v3.5.4/Example/Drivers/BSP/Components/vl53l1x_uld/VL53L1X_api.c:206:15:VL53L1X_SetInterruptPolarity	24	static
C:/ST/VL53L1X/ULD/To ST com/en.STSW-IMG009_v3.5.4/Example/Drivers/BSP/Components/vl53l1x_uld/VL53L1X_api.c:217:15:VL53L1X_GetInterruptPolarity	16	static
C:/ST/VL53L1X/ULD/To ST com/en.STSW-IMG009_v3.5.4/Example/Drivers/BSP/Components/vl53l1x_uld/VL53L1X_api.c:228:15:VL53L1X_StartRanging	8	static
C:/ST/VL53L1X/ULD/To ST com/en.STSW-IMG009_v3.5.4/Example/Drivers/BSP/Components/vl53l1x_uld/VL53L1X_api.c:236:15:VL53L1X_StopRanging	8	static
C:/ST/VL53L1X/ULD/To ST com/en.STSW-IMG009_v3.5.4/Example/Drivers/BSP/Components/vl53l1x_uld/VL53L1X_api.c:244:15:VL53L1X_CheckForDataReady	24	static
C:/ST/VL53L1X/ULD/To ST com/en.STSW-IMG009_v3.5.4/Example/Drivers/BSP/Components/vl53l1x_uld/VL53L1X_api.c:178:15:VL53L1X_SensorInit	24	static
C:/ST/VL53L1X/ULD/To ST com/en.STSW-IMG009_v3.5.4/Example/Drivers/BSP/Components/vl53l1x_uld/VL53L1X_api.c:364:15:VL53L1X_GetTimingBudgetInMs	16	static
C:/ST/VL53L1X/ULD/To ST com/en.STSW-IMG009_v3.5.4/Example/Drivers/BSP/Components/vl53l1x_uld/VL53L1X_api.c:440:15:VL53L1X_GetDistanceMode	16	static
C:/ST/VL53L1X/ULD/To ST com/en.STSW-IMG009_v3.5.4/Example/Drivers/BSP/Components/vl53l1x_uld/VL53L1X_api.c:262:15:VL53L1X_SetTimingBudgetInMs	24	static
C:/ST/VL53L1X/ULD/To ST com/en.STSW-IMG009_v3.5.4/Example/Drivers/BSP/Components/vl53l1x_uld/VL53L1X_api.c:405:15:VL53L1X_SetDistanceMode	24	static
C:/ST/VL53L1X/ULD/To ST com/en.STSW-IMG009_v3.5.4/Example/Drivers/BSP/Components/vl53l1x_uld/VL53L1X_api.c:452:15:VL53L1X_SetInterMeasurementInMs	24	static
C:/ST/VL53L1X/ULD/To ST com/en.STSW-IMG009_v3.5.4/Example/Drivers/BSP/Components/vl53l1x_uld/VL53L1X_api.c:465:15:VL53L1X_GetInterMeasurementInMs	32	static
C:/ST/VL53L1X/ULD/To ST com/en.STSW-IMG009_v3.5.4/Example/Drivers/BSP/Components/vl53l1x_uld/VL53L1X_api.c:479:15:VL53L1X_BootState	16	static
C:/ST/VL53L1X/ULD/To ST com/en.STSW-IMG009_v3.5.4/Example/Drivers/BSP/Components/vl53l1x_uld/VL53L1X_api.c:489:15:VL53L1X_GetSensorId	16	static
C:/ST/VL53L1X/ULD/To ST com/en.STSW-IMG009_v3.5.4/Example/Drivers/BSP/Components/vl53l1x_uld/VL53L1X_api.c:499:15:VL53L1X_GetDistance	16	static
C:/ST/VL53L1X/ULD/To ST com/en.STSW-IMG009_v3.5.4/Example/Drivers/BSP/Components/vl53l1x_uld/VL53L1X_api.c:510:15:VL53L1X_GetSignalPerSpad	32	static
C:/ST/VL53L1X/ULD/To ST com/en.STSW-IMG009_v3.5.4/Example/Drivers/BSP/Components/vl53l1x_uld/VL53L1X_api.c:523:15:VL53L1X_GetAmbientPerSpad	32	static
C:/ST/VL53L1X/ULD/To ST com/en.STSW-IMG009_v3.5.4/Example/Drivers/BSP/Components/vl53l1x_uld/VL53L1X_api.c:534:15:VL53L1X_GetSignalRate	16	static
C:/ST/VL53L1X/ULD/To ST com/en.STSW-IMG009_v3.5.4/Example/Drivers/BSP/Components/vl53l1x_uld/VL53L1X_api.c:545:15:VL53L1X_GetSpadNb	16	static
C:/ST/VL53L1X/ULD/To ST com/en.STSW-IMG009_v3.5.4/Example/Drivers/BSP/Components/vl53l1x_uld/VL53L1X_api.c:556:15:VL53L1X_GetAmbientRate	16	static
C:/ST/VL53L1X/ULD/To ST com/en.STSW-IMG009_v3.5.4/Example/Drivers/BSP/Components/vl53l1x_uld/VL53L1X_api.c:566:15:VL53L1X_GetRangeStatus	16	static
C:/ST/VL53L1X/ULD/To ST com/en.STSW-IMG009_v3.5.4/Example/Drivers/BSP/Components/vl53l1x_uld/VL53L1X_api.c:579:15:VL53L1X_GetResult	32	static
C:/ST/VL53L1X/ULD/To ST com/en.STSW-IMG009_v3.5.4/Example/Drivers/BSP/Components/vl53l1x_uld/VL53L1X_api.c:598:15:VL53L1X_SetOffset	16	static
C:/ST/VL53L1X/ULD/To ST com/en.STSW-IMG009_v3.5.4/Example/Drivers/BSP/Components/vl53l1x_uld/VL53L1X_api.c:611:16:VL53L1X_GetOffset	16	static
C:/ST/VL53L1X/ULD/To ST com/en.STSW-IMG009_v3.5.4/Example/Drivers/BSP/Components/vl53l1x_uld/VL53L1X_api.c:629:15:VL53L1X_SetXtalk	16	static
C:/ST/VL53L1X/ULD/To ST com/en.STSW-IMG009_v3.5.4/Example/Drivers/BSP/Components/vl53l1x_uld/VL53L1X_api.c:644:15:VL53L1X_GetXtalk	8	static
C:/ST/VL53L1X/ULD/To ST com/en.STSW-IMG009_v3.5.4/Example/Drivers/BSP/Components/vl53l1x_uld/VL53L1X_api.c:653:15:VL53L1X_SetDistanceThreshold	32	static
C:/ST/VL53L1X/ULD/To ST com/en.STSW-IMG009_v3.5.4/Example/Drivers/BSP/Components/vl53l1x_uld/VL53L1X_api.c:673:15:VL53L1X_GetDistanceThresholdWindow	16	static
C:/ST/VL53L1X/ULD/To ST com/en.STSW-IMG009_v3.5.4/Example/Drivers/BSP/Components/vl53l1x_uld/VL53L1X_api.c:682:15:VL53L1X_GetDistanceThresholdLow	16	static
C:/ST/VL53L1X/ULD/To ST com/en.STSW-IMG009_v3.5.4/Example/Drivers/BSP/Components/vl53l1x_uld/VL53L1X_api.c:692:15:VL53L1X_GetDistanceThresholdHigh	16	static
C:/ST/VL53L1X/ULD/To ST com/en.STSW-IMG009_v3.5.4/Example/Drivers/BSP/Components/vl53l1x_uld/VL53L1X_api.c:702:15:VL53L1X_SetROICenter	8	static
C:/ST/VL53L1X/ULD/To ST com/en.STSW-IMG009_v3.5.4/Example/Drivers/BSP/Components/vl53l1x_uld/VL53L1X_api.c:709:15:VL53L1X_GetROICenter	16	static
C:/ST/VL53L1X/ULD/To ST com/en.STSW-IMG009_v3.5.4/Example/Drivers/BSP/Components/vl53l1x_uld/VL53L1X_api.c:718:15:VL53L1X_SetROI	32	static
C:/ST/VL53L1X/ULD/To ST com/en.STSW-IMG009_v3.5.4/Example/Drivers/BSP/Components/vl53l1x_uld/VL53L1X_api.c:737:15:VL53L1X_GetROI_XY	24	static
C:/ST/VL53L1X/ULD/To ST com/en.STSW-IMG009_v3.5.4/Example/Drivers/BSP/Components/vl53l1x_uld/VL53L1X_api.c:748:15:VL53L1X_SetSignalThreshold	8	static
C:/ST/VL53L1X/ULD/To ST com/en.STSW-IMG009_v3.5.4/Example/Drivers/BSP/Components/vl53l1x_uld/VL53L1X_api.c:756:15:VL53L1X_GetSignalThreshold	16	static
C:/ST/VL53L1X/ULD/To ST com/en.STSW-IMG009_v3.5.4/Example/Drivers/BSP/Components/vl53l1x_uld/VL53L1X_api.c:767:15:VL53L1X_SetSigmaThreshold	8	static
C:/ST/VL53L1X/ULD/To ST com/en.STSW-IMG009_v3.5.4/Example/Drivers/BSP/Components/vl53l1x_uld/VL53L1X_api.c:779:15:VL53L1X_GetSigmaThreshold	16	static
C:/ST/VL53L1X/ULD/To ST com/en.STSW-IMG009_v3.5.4/Example/Drivers/BSP/Components/vl53l1x_uld/VL53L1X_api.c:790:15:VL53L1X_StartTemperatureUpdate	24	static
