C:/ST/VL53L1X/ULD/To ST com/en.STSW-IMG009_v3.5.4/Example/Drivers/BSP/X-NUCLEO-53L1A1/X-NUCLEO-53L1A1.c:221:13:_I2cFailRecover	48	static
C:/ST/VL53L1X/ULD/To ST com/en.STSW-IMG009_v3.5.4/Example/Drivers/BSP/X-NUCLEO-53L1A1/X-NUCLEO-53L1A1.c:576:12:_ExpanderRd	32	static
C:/ST/VL53L1X/ULD/To ST com/en.STSW-IMG009_v3.5.4/Example/Drivers/BSP/X-NUCLEO-53L1A1/X-NUCLEO-53L1A1.c:600:12:_ExpanderWR	40	static
C:/ST/VL53L1X/ULD/To ST com/en.STSW-IMG009_v3.5.4/Example/Drivers/BSP/X-NUCLEO-53L1A1/X-NUCLEO-53L1A1.c:557:12:_ExpandersSetAllIO	8	static
C:/ST/VL53L1X/ULD/To ST com/en.STSW-IMG009_v3.5.4/Example/Drivers/BSP/X-NUCLEO-53L1A1/X-NUCLEO-53L1A1.c:274:5:XNUCLEO53L1A1_I2C1Configure	40	static
C:/ST/VL53L1X/ULD/To ST com/en.STSW-IMG009_v3.5.4/Example/Drivers/BSP/X-NUCLEO-53L1A1/X-NUCLEO-53L1A1.c:313:5:XNUCLEO53L1A1_SetIntrStateId	16	static
C:/ST/VL53L1X/ULD/To ST com/en.STSW-IMG009_v3.5.4/Example/Drivers/BSP/X-NUCLEO-53L1A1/X-NUCLEO-53L1A1.c:385:5:XNUCLEO53L1A1_Init	16	static
C:/ST/VL53L1X/ULD/To ST com/en.STSW-IMG009_v3.5.4/Example/Drivers/BSP/X-NUCLEO-53L1A1/X-NUCLEO-53L1A1.c:431:5:XNUCLEO53L1A1_GetPB1	16	static
C:/ST/VL53L1X/ULD/To ST com/en.STSW-IMG009_v3.5.4/Example/Drivers/BSP/X-NUCLEO-53L1A1/X-NUCLEO-53L1A1.c:448:5:XNUCLEO53L1A1_ResetId	8	static
C:/ST/VL53L1X/ULD/To ST com/en.STSW-IMG009_v3.5.4/Example/Drivers/BSP/X-NUCLEO-53L1A1/X-NUCLEO-53L1A1.c:486:6:VL53L1A1_EXTI_IOConfigure	48	static
C:/ST/VL53L1X/ULD/To ST com/en.STSW-IMG009_v3.5.4/Example/Drivers/BSP/X-NUCLEO-53L1A1/X-NUCLEO-53L1A1.c:527:6:VL53L1A1_EXTI_IOUnconfigure	8	static
C:/ST/VL53L1X/ULD/To ST com/en.STSW-IMG009_v3.5.4/Example/Drivers/BSP/X-NUCLEO-53L1A1/X-NUCLEO-53L1A1.c:764:5:XNUCLEO53L1A1_SetDisplayString	16	static
