C:/ST/VL53L1X/ULD/To ST com/en.STSW-IMG009_v3.5.4/Example/Drivers/STM32F4xx_HAL_Driver/Src/stm32f4xx_hal_pwr_ex.c:159:19:HAL_PWREx_EnableBkUpReg	8	static
C:/ST/VL53L1X/ULD/To ST com/en.STSW-IMG009_v3.5.4/Example/Drivers/STM32F4xx_HAL_Driver/Src/stm32f4xx_hal_pwr_ex.c:183:19:HAL_PWREx_DisableBkUpReg	8	static
C:/ST/VL53L1X/ULD/To ST com/en.STSW-IMG009_v3.5.4/Example/Drivers/STM32F4xx_HAL_Driver/Src/stm32f4xx_hal_pwr_ex.c:207:6:HAL_PWREx_EnableFlashPowerDown	0	static
C:/ST/VL53L1X/ULD/To ST com/en.STSW-IMG009_v3.5.4/Example/Drivers/STM32F4xx_HAL_Driver/Src/stm32f4xx_hal_pwr_ex.c:216:6:HAL_PWREx_DisableFlashPowerDown	0	static
C:/ST/VL53L1X/ULD/To ST com/en.STSW-IMG009_v3.5.4/Example/Drivers/STM32F4xx_HAL_Driver/Src/stm32f4xx_hal_pwr_ex.c:229:10:HAL_PWREx_GetVoltageRange	0	static
C:/ST/VL53L1X/ULD/To ST com/en.STSW-IMG009_v3.5.4/Example/Drivers/STM32F4xx_HAL_Driver/Src/stm32f4xx_hal_pwr_ex.c:306:19:HAL_PWREx_ControlVoltageScaling	24	static
C:/ST/VL53L1X/ULD/To ST com/en.STSW-IMG009_v3.5.4/Example/Drivers/STM32F4xx_HAL_Driver/Src/stm32f4xx_hal_pwr_ex.c:397:6:HAL_PWREx_EnableMainRegulatorLowVoltage	0	static
C:/ST/VL53L1X/ULD/To ST com/en.STSW-IMG009_v3.5.4/Example/Drivers/STM32F4xx_HAL_Driver/Src/stm32f4xx_hal_pwr_ex.c:408:6:HAL_PWREx_DisableMainRegulatorLowVoltage	0	static
C:/ST/VL53L1X/ULD/To ST com/en.STSW-IMG009_v3.5.4/Example/Drivers/STM32F4xx_HAL_Driver/Src/stm32f4xx_hal_pwr_ex.c:419:6:HAL_PWREx_EnableLowRegulatorLowVoltage	0	static
C:/ST/VL53L1X/ULD/To ST com/en.STSW-IMG009_v3.5.4/Example/Drivers/STM32F4xx_HAL_Driver/Src/stm32f4xx_hal_pwr_ex.c:430:6:HAL_PWREx_DisableLowRegulatorLowVoltage	0	static
